{"workflow_id": "test_normal", "session_id": "test_normal", "timestamp": "2026-06-14T03:15:23.000302+00:00", "from_state": "INIT", "to_state": "IDLE", "event": "SYSTEM_INIT", "retry_count": 0, "elapsed_s": 0.0, "metadata": {"workflow_id": "test_normal", "session_id": "test_normal", "max_retries": 3}}
{"workflow_id": "test_normal", "session_id": "test_normal", "timestamp": "2026-06-14T03:15:23.001302+00:00", "from_state": "IDLE", "to_state": "PARSING", "event": "PARSE_SUCCESS", "retry_count": 0, "elapsed_s": 0.001, "metadata": {"agent": "ParameterParser", "elapsed_ms": 12.5}}
{"workflow_id": "test_normal", "session_id": "test_normal", "timestamp": "2026-06-14T03:15:23.001302+00:00", "from_state": "PARSING", "to_state": "PARSING", "event": "ILLEGAL_RETRIEVE_SUCCESS", "retry_count": 0, "elapsed_s": 0.001, "metadata": {"error": "无法从 PARSING 通过 RETRIEVE_SUCCESS 迁移", "retrieved_count": 15}}
{"workflow_id": "wf_test_1", "session_id": "wf_test_1", "timestamp": "2026-06-14T03:15:23.054270+00:00", "from_state": "INIT", "to_state": "IDLE", "event": "SYSTEM_INIT", "retry_count": 0, "elapsed_s": 0.0, "metadata": {"workflow_id": "wf_test_1", "session_id": "wf_test_1", "max_retries": 3}}
{"workflow_id": "wf_test_2", "session_id": "wf_test_2", "timestamp": "2026-06-14T03:15:23.054270+00:00", "from_state": "INIT", "to_state": "IDLE", "event": "SYSTEM_INIT", "retry_count": 0, "elapsed_s": 0.0, "metadata": {"workflow_id": "wf_test_2", "session_id": "wf_test_2", "max_retries": 3}}
{"workflow_id": "wf_test_1", "session_id": "wf_test_1", "timestamp": "2026-06-14T03:15:23.055264+00:00", "from_state": "IDLE", "to_state": "PARSING", "event": "PARSE_SUCCESS", "retry_count": 0, "elapsed_s": 0.001, "metadata": {"agent": "test", "elapsed_ms": 10}}
{"workflow_id": "wf_test_1", "session_id": "wf_test_1", "timestamp": "2026-06-14T03:15:23.055264+00:00", "from_state": "PARSING", "to_state": "PARSING", "event": "ILLEGAL_RETRIEVE_SUCCESS", "retry_count": 0, "elapsed_s": 0.001, "metadata": {"error": "无法从 PARSING 通过 RETRIEVE_SUCCESS 迁移", "retrieved_count": 5}}
{"workflow_id": "wf_test_3", "session_id": "wf_test_3", "timestamp": "2026-06-14T03:15:50.364411+00:00", "from_state": "INIT", "to_state": "IDLE", "event": "SYSTEM_INIT", "retry_count": 0, "elapsed_s": 0.0, "metadata": {"workflow_id": "wf_test_3", "session_id": "wf_test_3", "max_retries": 3}}
{"workflow_id": "wf_test_3", "session_id": "wf_test_3", "timestamp": "2026-06-14T03:15:50.364411+00:00", "from_state": "IDLE", "to_state": "PARSING", "event": "PARSE_SUCCESS", "retry_count": 0, "elapsed_s": 0.0, "metadata": {"agent": "test", "elapsed_ms": 10}}
{"workflow_id": "wf_test_3", "session_id": "wf_test_3", "timestamp": "2026-06-14T03:15:50.364411+00:00", "from_state": "PARSING", "to_state": "RETRIEVING", "event": "PARSE_SUCCESS", "retry_count": 0, "elapsed_s": 0.0, "metadata": {"agent": "test", "elapsed_ms": 5}}
{"workflow_id": "wf_test_3", "session_id": "wf_test_3", "timestamp": "2026-06-14T03:15:50.364411+00:00", "from_state": "RETRIEVING", "to_state": "GENERATING", "event": "RETRIEVE_SUCCESS", "retry_count": 0, "elapsed_s": 0.0, "metadata": {"retrieved_count": 5}}
{"workflow_id": "wf_test_3", "session_id": "wf_test_3", "timestamp": "2026-06-14T03:15:50.364411+00:00", "from_state": "GENERATING", "to_state": "FORMATTING", "event": "GENERATE_SUCCESS", "retry_count": 0, "elapsed_s": 0.0, "metadata": {"generated_count": 3, "mode": "fallback"}}
{"workflow_id": "wf_test_3", "session_id": "wf_test_3", "timestamp": "2026-06-14T03:15:50.365411+00:00", "from_state": "FORMATTING", "to_state": "COMPLETED", "event": "FORMAT_SUCCESS", "retry_count": 0, "elapsed_s": 0.001, "metadata": {"paper_title": "Test", "question_count": 8}}
{"workflow_id": "wf_happy", "session_id": "wf_happy", "timestamp": "2026-06-14T03:16:21.930300+00:00", "from_state": "INIT", "to_state": "IDLE", "event": "SYSTEM_INIT", "retry_count": 0, "elapsed_s": 0.0, "metadata": {"workflow_id": "wf_happy", "session_id": "wf_happy", "max_retries": 3}}
{"workflow_id": "wf_happy", "session_id": "wf_happy", "timestamp": "2026-06-14T03:16:21.931301+00:00", "from_state": "IDLE", "to_state": "PARSING", "event": "PARSE_SUCCESS", "retry_count": 0, "elapsed_s": 0.001, "metadata": {"agent": "ParameterParser"}}
{"workflow_id": "wf_happy", "session_id": "wf_happy", "timestamp": "2026-06-14T03:16:21.931301+00:00", "from_state": "PARSING", "to_state": "RETRIEVING", "event": "PARSE_SUCCESS", "retry_count": 0, "elapsed_s": 0.001, "metadata": {"agent": "ParameterParser", "elapsed_ms": 12}}
{"workflow_id": "wf_happy", "session_id": "wf_happy", "timestamp": "2026-06-14T03:16:21.931301+00:00", "from_state": "RETRIEVING", "to_state": "GENERATING", "event": "RETRIEVE_PARTIAL", "retry_count": 0, "elapsed_s": 0.001, "metadata": {"retrieved_count": 8, "coverage_gaps": 1}}
{"workflow_id": "wf_happy", "session_id": "wf_happy", "timestamp": "2026-06-14T03:16:21.931301+00:00", "from_state": "GENERATING", "to_state": "FORMATTING", "event": "GENERATE_SUCCESS", "retry_count": 0, "elapsed_s": 0.001, "metadata": {"generated_count": 5, "mode": "fallback_template"}}
{"workflow_id": "wf_happy", "session_id": "wf_happy", "timestamp": "2026-06-14T03:16:21.931301+00:00", "from_state": "FORMATTING", "to_state": "COMPLETED", "event": "FORMAT_SUCCESS", "retry_count": 0, "elapsed_s": 0.001, "metadata": {"paper_title": "Test Paper", "question_count": 13}}
{"workflow_id": "wf_retry", "session_id": "wf_retry", "timestamp": "2026-06-14T03:16:21.931301+00:00", "from_state": "INIT", "to_state": "IDLE", "event": "SYSTEM_INIT", "retry_count": 0, "elapsed_s": 0.0, "metadata": {"workflow_id": "wf_retry", "session_id": "wf_retry", "max_retries": 2}}
{"workflow_id": "wf_retry", "session_id": "wf_retry", "timestamp": "2026-06-14T03:16:21.931301+00:00", "from_state": "IDLE", "to_state": "PARSING", "event": "PARSE_SUCCESS", "retry_count": 0, "elapsed_s": 0.0, "metadata": {"agent": "ParameterParser"}}
{"workflow_id": "wf_retry", "session_id": "wf_retry", "timestamp": "2026-06-14T03:16:21.931301+00:00", "from_state": "PARSING", "to_state": "RETRIEVING", "event": "PARSE_SUCCESS", "retry_count": 0, "elapsed_s": 0.0, "metadata": {"agent": "ParameterParser"}}
{"workflow_id": "wf_retry", "session_id": "wf_retry", "timestamp": "2026-06-14T03:16:21.931301+00:00", "from_state": "RETRIEVING", "to_state": "RETRY", "event": "RETRIEVE_FAILED", "retry_count": 1, "elapsed_s": 0.0, "metadata": {"reason": "ChromaDB not ready", "retry_count": 1}}
{"workflow_id": "wf_retry", "session_id": "wf_retry", "timestamp": "2026-06-14T03:16:21.931301+00:00", "from_state": "RETRY", "to_state": "RETRIEVING", "event": "RETRIEVE_SUCCESS", "retry_count": 1, "elapsed_s": 0.0, "metadata": {"count": 3}}
{"workflow_id": "wf_limit", "session_id": "wf_limit", "timestamp": "2026-06-14T03:16:21.931301+00:00", "from_state": "INIT", "to_state": "IDLE", "event": "SYSTEM_INIT", "retry_count": 0, "elapsed_s": 0.0, "metadata": {"workflow_id": "wf_limit", "session_id": "wf_limit", "max_retries": 2}}
{"workflow_id": "wf_limit", "session_id": "wf_limit", "timestamp": "2026-06-14T03:16:21.931301+00:00", "from_state": "IDLE", "to_state": "PARSING", "event": "PARSE_SUCCESS", "retry_count": 0, "elapsed_s": 0.0, "metadata": {"agent": "ParameterParser"}}
{"workflow_id": "wf_limit", "session_id": "wf_limit", "timestamp": "2026-06-14T03:16:21.931301+00:00", "from_state": "PARSING", "to_state": "RETRIEVING", "event": "PARSE_SUCCESS", "retry_count": 0, "elapsed_s": 0.0, "metadata": {"agent": "ParameterParser"}}
{"workflow_id": "wf_limit", "session_id": "wf_limit", "timestamp": "2026-06-14T03:16:21.931301+00:00", "from_state": "RETRIEVING", "to_state": "RETRY", "event": "RETRIEVE_FAILED", "retry_count": 1, "elapsed_s": 0.0, "metadata": {"reason": "", "retry_count": 1}}
{"workflow_id": "wf_limit", "session_id": "wf_limit", "timestamp": "2026-06-14T03:16:21.931301+00:00", "from_state": "RETRY", "to_state": "RETRY", "event": "ILLEGAL_RETRIEVE_FAILED", "retry_count": 1, "elapsed_s": 0.0, "metadata": {"error": "无法从 RETRY 通过 RETRIEVE_FAILED 迁移", "reason": ""}}
{"workflow_id": "wf_limit", "session_id": "wf_limit", "timestamp": "2026-06-14T03:16:21.931301+00:00", "from_state": "RETRY", "to_state": "RETRY", "event": "ILLEGAL_RETRIEVE_FAILED", "retry_count": 1, "elapsed_s": 0.0, "metadata": {"error": "无法从 RETRY 通过 RETRIEVE_FAILED 迁移", "reason": ""}}
{"workflow_id": "wf_limit_v2", "session_id": "wf_limit_v2", "timestamp": "2026-06-14T03:16:40.107615+00:00", "from_state": "INIT", "to_state": "IDLE", "event": "SYSTEM_INIT", "retry_count": 0, "elapsed_s": 0.0, "metadata": {"workflow_id": "wf_limit_v2", "session_id": "wf_limit_v2", "max_retries": 2}}
{"workflow_id": "wf_limit_v2", "session_id": "wf_limit_v2", "timestamp": "2026-06-14T03:16:40.107615+00:00", "from_state": "IDLE", "to_state": "PARSING", "event": "PARSE_SUCCESS", "retry_count": 0, "elapsed_s": 0.0, "metadata": {"agent": "ParameterParser"}}
{"workflow_id": "wf_limit_v2", "session_id": "wf_limit_v2", "timestamp": "2026-06-14T03:16:40.107615+00:00", "from_state": "PARSING", "to_state": "RETRIEVING", "event": "PARSE_SUCCESS", "retry_count": 0, "elapsed_s": 0.0, "metadata": {"agent": "ParameterParser"}}
{"workflow_id": "wf_limit_v2", "session_id": "wf_limit_v2", "timestamp": "2026-06-14T03:16:40.107615+00:00", "from_state": "RETRIEVING", "to_state": "RETRY", "event": "RETRIEVE_FAILED", "retry_count": 1, "elapsed_s": 0.0, "metadata": {"reason": "", "retry_count": 1}}
{"workflow_id": "wf_limit_v2", "session_id": "wf_limit_v2", "timestamp": "2026-06-14T03:16:40.107615+00:00", "from_state": "RETRY", "to_state": "RETRY", "event": "RETRIEVE_FAILED", "retry_count": 2, "elapsed_s": 0.0, "metadata": {"reason": "", "retry_count": 2}}
{"workflow_id": "wf_limit_v2", "session_id": "wf_limit_v2", "timestamp": "2026-06-14T03:16:40.107615+00:00", "from_state": "RETRY", "to_state": "FAILED", "event": "RETRY_LIMIT_EXCEEDED", "retry_count": 3, "elapsed_s": 0.0, "metadata": {"reason": "重试 3 次超过上限 2", "retry_count": 3}}
{"workflow_id": "test_sm", "session_id": "test_sm", "timestamp": "2026-06-14T03:33:49.250231+00:00", "from_state": "INIT", "to_state": "IDLE", "event": "SYSTEM_INIT", "retry_count": 0, "elapsed_s": 0.0, "metadata": {"workflow_id": "test_sm", "session_id": "test_sm", "max_retries": 1}}
{"workflow_id": "test_sm", "session_id": "test_sm", "timestamp": "2026-06-14T03:33:49.251231+00:00", "from_state": "IDLE", "to_state": "PARSING", "event": "PARSE_SUCCESS", "retry_count": 0, "elapsed_s": 0.001, "metadata": {"agent": "ParameterParser"}}
{"workflow_id": "test_sm", "session_id": "test_sm", "timestamp": "2026-06-14T03:33:49.251231+00:00", "from_state": "PARSING", "to_state": "RETRIEVING", "event": "PARSE_SUCCESS", "retry_count": 0, "elapsed_s": 0.001, "metadata": {"agent": "ParameterParser"}}
{"workflow_id": "test_sm", "session_id": "test_sm", "timestamp": "2026-06-14T03:33:49.251231+00:00", "from_state": "RETRIEVING", "to_state": "GENERATING", "event": "RETRIEVE_SUCCESS", "retry_count": 0, "elapsed_s": 0.001, "metadata": {"retrieved_count": 5}}
{"workflow_id": "test_sm", "session_id": "test_sm", "timestamp": "2026-06-14T03:33:49.251231+00:00", "from_state": "GENERATING", "to_state": "FORMATTING", "event": "GENERATE_SUCCESS", "retry_count": 0, "elapsed_s": 0.001, "metadata": {"generated_count": 3, "mode": ""}}
{"workflow_id": "test_sm", "session_id": "test_sm", "timestamp": "2026-06-14T03:33:49.251231+00:00", "from_state": "FORMATTING", "to_state": "COMPLETED", "event": "FORMAT_SUCCESS", "retry_count": 0, "elapsed_s": 0.001, "metadata": {"paper_title": "T", "question_count": 8}}
{"workflow_id": "test", "session_id": "test", "timestamp": "2026-06-14T05:16:18.384835+00:00", "from_state": "INIT", "to_state": "IDLE", "event": "SYSTEM_INIT", "retry_count": 0, "elapsed_s": 0.0, "metadata": {"workflow_id": "test", "session_id": "test", "max_retries": 3}}
{"workflow_id": "test", "session_id": "test", "timestamp": "2026-06-14T05:16:18.385840+00:00", "from_state": "IDLE", "to_state": "PARSING", "event": "PARSE_SUCCESS", "retry_count": 0, "elapsed_s": 0.001, "metadata": {"agent": "ParameterParser"}}
{"workflow_id": "test", "session_id": "test", "timestamp": "2026-06-14T05:16:18.385840+00:00", "from_state": "PARSING", "to_state": "RETRIEVING", "event": "PARSE_SUCCESS", "retry_count": 0, "elapsed_s": 0.001, "metadata": {"agent": "ParameterParser"}}
{"workflow_id": "test", "session_id": "test", "timestamp": "2026-06-14T05:16:18.385840+00:00", "from_state": "RETRIEVING", "to_state": "GENERATING", "event": "RETRIEVE_SUCCESS", "retry_count": 0, "elapsed_s": 0.001, "metadata": {"retrieved_count": 5}}
{"workflow_id": "test", "session_id": "test", "timestamp": "2026-06-14T05:16:18.385840+00:00", "from_state": "GENERATING", "to_state": "FORMATTING", "event": "GENERATE_SUCCESS", "retry_count": 0, "elapsed_s": 0.001, "metadata": {"generated_count": 3, "mode": ""}}
{"workflow_id": "test", "session_id": "test", "timestamp": "2026-06-14T05:16:18.385840+00:00", "from_state": "FORMATTING", "to_state": "COMPLETED", "event": "FORMAT_SUCCESS", "retry_count": 0, "elapsed_s": 0.001, "metadata": {"paper_title": "T", "question_count": 8}}
